=== RUN   TestConvertMarkdownToTelegramHTML_DisplayLaTeX
    telegram_format_test.go:156: 
        	Error Trace:	E:/MCP/Gemini-Crab/clibot/clibot-repo/internal/bot/telegram_format_test.go:156
        	Error:      	"<pre><code>lim鈧?鈫?鈭坒鈧測 1/x = 0\n</code></pre>" does not contain "lim鈧?鈫?鈭?1/x = 0"
        	Test:       	TestConvertMarkdownToTelegramHTML_DisplayLaTeX
DEBUG result4: "<pre><code>鈭戓耽鈧屸倎鈦?i = [n(n+1)]/2\n</code></pre>"
DEBUG result5: "<pre><code>(a/b)/(c/d)\n</code></pre>"
    telegram_format_test.go:175: 
        	Error Trace:	E:/MCP/Gemini-Crab/clibot/clibot-repo/internal/bot/telegram_format_test.go:175
        	Error:      	"<pre><code>(a/b)/(c/d)\n</code></pre>" does not contain "(a/b)/[c/d]"
        	Test:       	TestConvertMarkdownToTelegramHTML_DisplayLaTeX
DEBUG result6: "<pre><code>(2+0)/(3+1) \\cdot (4+5)\n</code></pre>"
    telegram_format_test.go:182: 
        	Error Trace:	E:/MCP/Gemini-Crab/clibot/clibot-repo/internal/bot/telegram_format_test.go:182
        	Error:      	"<pre><code>(2+0)/(3+1) \\cdot (4+5)\n</code></pre>" does not contain "(2+0)/[(3+1) 路 (4+5)]"
        	Test:       	TestConvertMarkdownToTelegramHTML_DisplayLaTeX
DEBUG result7: "<pre><code>X/[A/(B/C)]\n</code></pre>"
--- FAIL: TestConvertMarkdownToTelegramHTML_DisplayLaTeX (0.00s)
FAIL
FAIL	command-line-arguments	0.056s
FAIL
